Component: ARM Compiler 5.06 update 7 (build 960) Tool: armlink [4d3601]

==============================================================================

Section Cross References

    main.o(i.Cadena_Display) refers to main.o(i.Escribir_Display) for Escribir_Display
    main.o(i.Cadena_Display) refers to main.o(i.delay_us) for delay_us
    main.o(i.Comando_Display) refers to main.o(i.Escribir_Codigo) for Escribir_Codigo
    main.o(i.Comando_Display) refers to main.o(i.delay_ms) for delay_ms
    main.o(i.Comando_Display) refers to main.o(i.delay_us) for delay_us
    main.o(i.Escribir_Codigo) refers to main.o(i.delay_us) for delay_us
    main.o(i.Escribir_Display) refers to main.o(i.delay_us) for delay_us
    main.o(i.Escribir_Display) refers to main.o(i.delay_ms) for delay_ms
    main.o(i.Ini_Display) refers to main.o(i.Comando_Display) for Comando_Display
    main.o(i.Ini_Display) refers to main.o(i.delay_ms) for delay_ms
    main.o(i.SysTick_Handler) refers to main.o(i.Comando_Display) for Comando_Display
    main.o(i.SysTick_Handler) refers to ds3231.o(i.Seg) for Seg
    main.o(i.SysTick_Handler) refers to ds3231.o(i.Min) for Min
    main.o(i.SysTick_Handler) refers to ds3231.o(i.Hora) for Hora
    main.o(i.SysTick_Handler) refers to ds3231.o(i.Dia) for Dia
    main.o(i.SysTick_Handler) refers to main.o(i.read_ADC1) for read_ADC1
    main.o(i.SysTick_Handler) refers to main.o(i.read_ADC2) for read_ADC2
    main.o(i.SysTick_Handler) refers to main.o(.data) for codigo_pantalla
    main.o(i.SysTick_Handler) refers to main.o(.bss) for modo
    main.o(i.main) refers to main.o(i.ini_ADC) for ini_ADC
    main.o(i.main) refers to main.o(i.ini_LEDS) for ini_LEDS
    main.o(i.main) refers to main.o(i.ini_teclado) for ini_teclado
    main.o(i.main) refers to main.o(i.Ini_Display) for Ini_Display
    main.o(i.main) refers to eeprom.o(i.set_EEPROM) for set_EEPROM
    main.o(i.main) refers to main.o(i.trans_EEPROM) for trans_EEPROM
    main.o(i.main) refers to i2c.o(i.i2cInit) for i2cInit
    main.o(i.main) refers to systick.o(i.inicSysTickNInt) for inicSysTickNInt
    main.o(i.main) refers to int.o(.text) for EnableInterrupts
    main.o(i.main) refers to main.o(i.Comando_Display) for Comando_Display
    main.o(i.main) refers to main.o(i.delay_ms) for delay_ms
    main.o(i.main) refers to strcpy.o(.text) for strcpy
    main.o(i.main) refers to main.o(i.Cadena_Display) for Cadena_Display
    main.o(i.main) refers to main.o(i.tecla_presionada) for tecla_presionada
    main.o(i.main) refers to main.o(i.read_ADC1) for read_ADC1
    main.o(i.main) refers to main.o(i.read_ADC2) for read_ADC2
    main.o(i.main) refers to main.o(i.Escribir_Display) for Escribir_Display
    main.o(i.main) refers to ds3231.o(i.Dia) for Dia
    main.o(i.main) refers to main.o(i.delay_us) for delay_us
    main.o(i.main) refers to ds3231.o(i.Hora) for Hora
    main.o(i.main) refers to ds3231.o(i.Min) for Min
    main.o(i.main) refers to ds3231.o(i.Seg) for Seg
    main.o(i.main) refers to main.o(.data) for codigo_pantalla
    main.o(i.main) refers to main.o(.bss) for texto
    main.o(i.main) refers to eeprom.o(i.w_EEPROM) for w_EEPROM
    main.o(i.tecla_presionada) refers to main.o(i.delay_us) for delay_us
    main.o(i.tecla_presionada) refers to main.o(.data) for m
    main.o(i.trans_EEPROM) refers to eeprom.o(i.r_EEPROM) for r_EEPROM
    main.o(i.trans_EEPROM) refers to main.o(.data) for i
    main.o(i.trans_EEPROM) refers to main.o(.bss) for semana
    ds3231.o(i.Dia) refers to i2c.o(i.I2C_Send1) for I2C_Send1
    ds3231.o(i.Dia) refers to i2c.o(i.I2C_Recv) for I2C_Recv
    ds3231.o(i.Dia_set) refers to i2c.o(i.I2C_Send2) for I2C_Send2
    ds3231.o(i.Hora) refers to i2c.o(i.I2C_Send1) for I2C_Send1
    ds3231.o(i.Hora) refers to i2c.o(i.I2C_Recv) for I2C_Recv
    ds3231.o(i.Hora_set) refers to i2c.o(i.I2C_Send2) for I2C_Send2
    ds3231.o(i.Min) refers to i2c.o(i.I2C_Send1) for I2C_Send1
    ds3231.o(i.Min) refers to i2c.o(i.I2C_Recv) for I2C_Recv
    ds3231.o(i.Min) refers to ds3231.o(i.BCD_a_DEC) for BCD_a_DEC
    ds3231.o(i.Min_set) refers to ds3231.o(i.DEC_a_BCD) for DEC_a_BCD
    ds3231.o(i.Min_set) refers to i2c.o(i.I2C_Send2) for I2C_Send2
    ds3231.o(i.RTC_Init) refers to ds3231.o(i.Seg_set) for Seg_set
    ds3231.o(i.RTC_Init) refers to ds3231.o(i.Min_set) for Min_set
    ds3231.o(i.RTC_Init) refers to ds3231.o(i.Hora_set) for Hora_set
    ds3231.o(i.RTC_Init) refers to ds3231.o(i.Dia_set) for Dia_set
    ds3231.o(i.Seg) refers to i2c.o(i.I2C_Send1) for I2C_Send1
    ds3231.o(i.Seg) refers to i2c.o(i.I2C_Recv) for I2C_Recv
    ds3231.o(i.Seg) refers to ds3231.o(i.BCD_a_DEC) for BCD_a_DEC
    ds3231.o(i.Seg_set) refers to ds3231.o(i.DEC_a_BCD) for DEC_a_BCD
    ds3231.o(i.Seg_set) refers to i2c.o(i.I2C_Send2) for I2C_Send2
    startup_tm4c123.o(RESET) refers to startup_tm4c123.o(STACK) for __initial_sp
    startup_tm4c123.o(RESET) refers to startup_tm4c123.o(.text) for Reset_Handler
    startup_tm4c123.o(RESET) refers to main.o(i.SysTick_Handler) for SysTick_Handler
    startup_tm4c123.o(.text) refers to system_tm4c123.o(i.SystemInit) for SystemInit
    startup_tm4c123.o(.text) refers to entry.o(.ARM.Collect$$$$00000000) for __main
    system_tm4c123.o(i.SystemCoreClockUpdate) refers to system_tm4c123.o(i.getOscClk) for getOscClk
    system_tm4c123.o(i.SystemCoreClockUpdate) refers to system_tm4c123.o(.data) for SystemCoreClock
    entry.o(.ARM.Collect$$$$00000000) refers (Special) to entry10a.o(.ARM.Collect$$$$0000000F) for __rt_final_cpp
    entry.o(.ARM.Collect$$$$00000000) refers (Special) to entry11a.o(.ARM.Collect$$$$00000011) for __rt_final_exit
    entry.o(.ARM.Collect$$$$00000000) refers (Special) to entry12b.o(.ARM.Collect$$$$0000000E) for __rt_lib_shutdown_fini
    entry.o(.ARM.Collect$$$$00000000) refers (Special) to entry7b.o(.ARM.Collect$$$$00000008) for _main_clock
    entry.o(.ARM.Collect$$$$00000000) refers (Special) to entry8b.o(.ARM.Collect$$$$0000000A) for _main_cpp_init
    entry.o(.ARM.Collect$$$$00000000) refers (Special) to entry9a.o(.ARM.Collect$$$$0000000B) for _main_init
    entry.o(.ARM.Collect$$$$00000000) refers (Special) to entry5.o(.ARM.Collect$$$$00000004) for _main_scatterload
    entry.o(.ARM.Collect$$$$00000000) refers (Special) to entry2.o(.ARM.Collect$$$$00000001) for _main_stk
    entry2.o(.ARM.Collect$$$$00000001) refers to entry2.o(.ARM.Collect$$$$00002712) for __lit__00000000
    entry2.o(.ARM.Collect$$$$00002712) refers to startup_tm4c123.o(STACK) for __initial_sp
    entry2.o(__vectab_stack_and_reset_area) refers to startup_tm4c123.o(STACK) for __initial_sp
    entry2.o(__vectab_stack_and_reset_area) refers to entry.o(.ARM.Collect$$$$00000000) for __main
    entry5.o(.ARM.Collect$$$$00000004) refers to init.o(.text) for __scatterload
    entry9a.o(.ARM.Collect$$$$0000000B) refers to main.o(i.main) for main
    entry9b.o(.ARM.Collect$$$$0000000C) refers to main.o(i.main) for main
    init.o(.text) refers to entry5.o(.ARM.Collect$$$$00000004) for __main_after_scatterload


==============================================================================

Removing Unused input sections from the image.

    Removing main.o(.rev16_text), (4 bytes).
    Removing main.o(.revsh_text), (4 bytes).
    Removing main.o(.rrx_text), (6 bytes).
    Removing systick.o(.rev16_text), (4 bytes).
    Removing systick.o(.revsh_text), (4 bytes).
    Removing systick.o(.rrx_text), (6 bytes).
    Removing systick.o(i.SysTickCero), (12 bytes).
    Removing systick.o(i.inicSysTick1s), (28 bytes).
    Removing systick.o(i.inicSysTickN), (22 bytes).
    Removing i2c.o(.rev16_text), (4 bytes).
    Removing i2c.o(.revsh_text), (4 bytes).
    Removing i2c.o(.rrx_text), (6 bytes).
    Removing i2c.o(i.I2C_Send2), (124 bytes).
    Removing ds3231.o(i.DEC_a_BCD), (26 bytes).
    Removing ds3231.o(i.Dia_set), (30 bytes).
    Removing ds3231.o(i.Hora_set), (58 bytes).
    Removing ds3231.o(i.Min_set), (24 bytes).
    Removing ds3231.o(i.RTC_Init), (40 bytes).
    Removing ds3231.o(i.Seg_set), (24 bytes).
    Removing eeprom.o(.rev16_text), (4 bytes).
    Removing eeprom.o(.revsh_text), (4 bytes).
    Removing eeprom.o(.rrx_text), (6 bytes).
    Removing startup_tm4c123.o(HEAP), (0 bytes).
    Removing system_tm4c123.o(.rev16_text), (4 bytes).
    Removing system_tm4c123.o(.revsh_text), (4 bytes).
    Removing system_tm4c123.o(.rrx_text), (6 bytes).
    Removing system_tm4c123.o(i.SystemCoreClockUpdate), (196 bytes).
    Removing system_tm4c123.o(i.getOscClk), (244 bytes).
    Removing system_tm4c123.o(.data), (4 bytes).

29 unused section(s) (total 902 bytes) removed from the image.

==============================================================================

Image Symbol Table

    Local Symbols

    Symbol Name                              Value     Ov Type        Size  Object(Section)

    RESET                                    0x00000000   Section      620  startup_tm4c123.o(RESET)
    ../clib/microlib/init/entry.s            0x00000000   Number         0  entry12a.o ABSOLUTE
    ../clib/microlib/init/entry.s            0x00000000   Number         0  entry11b.o ABSOLUTE
    ../clib/microlib/init/entry.s            0x00000000   Number         0  entry12b.o ABSOLUTE
    ../clib/microlib/init/entry.s            0x00000000   Number         0  entry2.o ABSOLUTE
    ../clib/microlib/init/entry.s            0x00000000   Number         0  entry5.o ABSOLUTE
    ../clib/microlib/init/entry.s            0x00000000   Number         0  entry10b.o ABSOLUTE
    ../clib/microlib/init/entry.s            0x00000000   Number         0  entry.o ABSOLUTE
    ../clib/microlib/init/entry.s            0x00000000   Number         0  entry7a.o ABSOLUTE
    ../clib/microlib/init/entry.s            0x00000000   Number         0  entry7b.o ABSOLUTE
    ../clib/microlib/init/entry.s            0x00000000   Number         0  entry8a.o ABSOLUTE
    ../clib/microlib/init/entry.s            0x00000000   Number         0  entry8b.o ABSOLUTE
    ../clib/microlib/init/entry.s            0x00000000   Number         0  entry9a.o ABSOLUTE
    ../clib/microlib/init/entry.s            0x00000000   Number         0  entry9b.o ABSOLUTE
    ../clib/microlib/init/entry.s            0x00000000   Number         0  entry10a.o ABSOLUTE
    ../clib/microlib/init/entry.s            0x00000000   Number         0  entry11a.o ABSOLUTE
    ../clib/microlib/string/strcpy.c         0x00000000   Number         0  strcpy.o ABSOLUTE
    DS3231.c                                 0x00000000   Number         0  ds3231.o ABSOLUTE
    EEPROM.c                                 0x00000000   Number         0  eeprom.o ABSOLUTE
    EEPROM.c                                 0x00000000   Number         0  eeprom.o ABSOLUTE
    I2C.c                                    0x00000000   Number         0  i2c.o ABSOLUTE
    I2C.c                                    0x00000000   Number         0  i2c.o ABSOLUTE
    RTE\Device\TM4C123GH6PM\startup_TM4C123.s 0x00000000   Number         0  startup_tm4c123.o ABSOLUTE
    RTE\Device\TM4C123GH6PM\system_TM4C123.c 0x00000000   Number         0  system_tm4c123.o ABSOLUTE
    RTE\\Device\\TM4C123GH6PM\\system_TM4C123.c 0x00000000   Number         0  system_tm4c123.o ABSOLUTE
    dc.s                                     0x00000000   Number         0  dc.o ABSOLUTE
    handlers.s                               0x00000000   Number         0  handlers.o ABSOLUTE
    init.s                                   0x00000000   Number         0  init.o ABSOLUTE
    int.s                                    0x00000000   Number         0  int.o ABSOLUTE
    main.c                                   0x00000000   Number         0  main.o ABSOLUTE
    main.c                                   0x00000000   Number         0  main.o ABSOLUTE
    systick.c                                0x00000000   Number         0  systick.o ABSOLUTE
    systick.c                                0x00000000   Number         0  systick.o ABSOLUTE
    tm4c123gh6pm.s                           0x00000000   Number         0  tm4c123gh6pm.o ABSOLUTE
    .ARM.Collect$$$$00000000                 0x0000026c   Section        0  entry.o(.ARM.Collect$$$$00000000)
    .ARM.Collect$$$$00000001                 0x0000026c   Section        4  entry2.o(.ARM.Collect$$$$00000001)
    .ARM.Collect$$$$00000004                 0x00000270   Section        4  entry5.o(.ARM.Collect$$$$00000004)
    .ARM.Collect$$$$00000008                 0x00000274   Section        0  entry7b.o(.ARM.Collect$$$$00000008)
    .ARM.Collect$$$$0000000A                 0x00000274   Section        0  entry8b.o(.ARM.Collect$$$$0000000A)
    .ARM.Collect$$$$0000000B                 0x00000274   Section        8  entry9a.o(.ARM.Collect$$$$0000000B)
    .ARM.Collect$$$$0000000E                 0x0000027c   Section        4  entry12b.o(.ARM.Collect$$$$0000000E)
    .ARM.Collect$$$$0000000F                 0x00000280   Section        0  entry10a.o(.ARM.Collect$$$$0000000F)
    .ARM.Collect$$$$00000011                 0x00000280   Section        0  entry11a.o(.ARM.Collect$$$$00000011)
    .ARM.Collect$$$$00002712                 0x00000280   Section        4  entry2.o(.ARM.Collect$$$$00002712)
    __lit__00000000                          0x00000280   Data           4  entry2.o(.ARM.Collect$$$$00002712)
    .text                                    0x00000284   Section       28  int.o(.text)
    $v0                                      0x00000284   Number         0  int.o(.text)
    .text                                    0x000002a0   Section      252  startup_tm4c123.o(.text)
    $v0                                      0x000002a0   Number         0  startup_tm4c123.o(.text)
    .text                                    0x0000039c   Section        0  strcpy.o(.text)
    .text                                    0x000003b0   Section       36  init.o(.text)
    i.BCD_a_DEC                              0x000003d4   Section        0  ds3231.o(i.BCD_a_DEC)
    i.Cadena_Display                         0x000003e8   Section        0  main.o(i.Cadena_Display)
    i.Comando_Display                        0x00000406   Section        0  main.o(i.Comando_Display)
    i.Dia                                    0x00000424   Section        0  ds3231.o(i.Dia)
    i.Escribir_Codigo                        0x0000043c   Section        0  main.o(i.Escribir_Codigo)
    i.Escribir_Display                       0x00000470   Section        0  main.o(i.Escribir_Display)
    i.Hora                                   0x000004ac   Section        0  ds3231.o(i.Hora)
    i.I2C_Recv                               0x000004e4   Section        0  i2c.o(i.I2C_Recv)
    i.I2C_Send1                              0x0000053c   Section        0  i2c.o(i.I2C_Send1)
    i.Ini_Display                            0x00000584   Section        0  main.o(i.Ini_Display)
    i.Min                                    0x0000060c   Section        0  ds3231.o(i.Min)
    i.Seg                                    0x0000062a   Section        0  ds3231.o(i.Seg)
    i.SysTick_Handler                        0x00000648   Section        0  main.o(i.SysTick_Handler)
    i.SystemInit                             0x00000a84   Section        0  system_tm4c123.o(i.SystemInit)
    i.__scatterload_copy                     0x00000b1c   Section       14  handlers.o(i.__scatterload_copy)
    i.__scatterload_null                     0x00000b2a   Section        2  handlers.o(i.__scatterload_null)
    i.__scatterload_zeroinit                 0x00000b2c   Section       14  handlers.o(i.__scatterload_zeroinit)
    i.delay_ms                               0x00000b3a   Section        0  main.o(i.delay_ms)
    i.delay_us                               0x00000b54   Section        0  main.o(i.delay_us)
    i.i2cInit                                0x00000b6c   Section        0  i2c.o(i.i2cInit)
    i.ini_ADC                                0x00000bf0   Section        0  main.o(i.ini_ADC)
    i.ini_LEDS                               0x00000d14   Section        0  main.o(i.ini_LEDS)
    i.ini_teclado                            0x00000da4   Section        0  main.o(i.ini_teclado)
    i.inicSysTickNInt                        0x00000e44   Section        0  systick.o(i.inicSysTickNInt)
    i.main                                   0x00000e5c   Section        0  main.o(i.main)
    i.r_EEPROM                               0x0000210c   Section        0  eeprom.o(i.r_EEPROM)
    i.read_ADC1                              0x0000214c   Section        0  main.o(i.read_ADC1)
    i.read_ADC2                              0x00002184   Section        0  main.o(i.read_ADC2)
    i.set_EEPROM                             0x000021bc   Section        0  eeprom.o(i.set_EEPROM)
    i.tecla_presionada                       0x00002270   Section        0  main.o(i.tecla_presionada)
    i.trans_EEPROM                           0x00002384   Section        0  main.o(i.trans_EEPROM)
    i.w_EEPROM                               0x00002f90   Section        0  eeprom.o(i.w_EEPROM)
    .data                                    0x20000000   Section      148  main.o(.data)
    m                                        0x2000006c   Data           4  main.o(.data)
    n                                        0x20000070   Data           4  main.o(.data)
    val1                                     0x20000074   Data           4  main.o(.data)
    val2                                     0x20000078   Data           4  main.o(.data)
    estado                                   0x2000007c   Data           4  main.o(.data)
    valor                                    0x20000080   Data           1  main.o(.data)
    var1                                     0x20000084   Data           4  main.o(.data)
    var2                                     0x20000088   Data           4  main.o(.data)
    var3                                     0x2000008c   Data           4  main.o(.data)
    var4                                     0x20000090   Data           4  main.o(.data)
    .bss                                     0x20000094   Section      336  main.o(.bss)
    STACK                                    0x200001e8   Section      512  startup_tm4c123.o(STACK)

    Global Symbols

    Symbol Name                              Value     Ov Type        Size  Object(Section)

    BuildAttributes$$THM_ISAv4$E$P$D$K$B$S$7EM$VFPi3$EXTD16$VFPS$VFMA$PE$A:L22UL41UL21$X:L11$S22US41US21$IEEE1$IW$USESV6$~STKCKD$USESV7$~SHL$OSPACE$EBA8$MICROLIB$REQ8$PRES8$EABIv2 0x00000000   Number         0  anon$$obj.o ABSOLUTE
    __ARM_use_no_argv                        0x00000000   Number         0  main.o ABSOLUTE
    __Vectors                                0x00000000   Data           4  startup_tm4c123.o(RESET)
    __arm_fini_                               - Undefined Weak Reference
    __cpp_initialize__aeabi_                  - Undefined Weak Reference
    __cxa_finalize                            - Undefined Weak Reference
    __decompress                              - Undefined Weak Reference
    _clock_init                               - Undefined Weak Reference
    _microlib_exit                            - Undefined Weak Reference
    __Vectors_End                            0x0000026c   Data           0  startup_tm4c123.o(RESET)
    __Vectors_Size                           0x0000026c   Number         0  startup_tm4c123.o ABSOLUTE
    __main                                   0x0000026d   Thumb Code     0  entry.o(.ARM.Collect$$$$00000000)
    _main_stk                                0x0000026d   Thumb Code     0  entry2.o(.ARM.Collect$$$$00000001)
    _main_scatterload                        0x00000271   Thumb Code     0  entry5.o(.ARM.Collect$$$$00000004)
    __main_after_scatterload                 0x00000275   Thumb Code     0  entry5.o(.ARM.Collect$$$$00000004)
    _main_clock                              0x00000275   Thumb Code     0  entry7b.o(.ARM.Collect$$$$00000008)
    _main_cpp_init                           0x00000275   Thumb Code     0  entry8b.o(.ARM.Collect$$$$0000000A)
    _main_init                               0x00000275   Thumb Code     0  entry9a.o(.ARM.Collect$$$$0000000B)
    __rt_lib_shutdown_fini                   0x0000027d   Thumb Code     0  entry12b.o(.ARM.Collect$$$$0000000E)
    __rt_final_cpp                           0x00000281   Thumb Code     0  entry10a.o(.ARM.Collect$$$$0000000F)
    __rt_final_exit                          0x00000281   Thumb Code     0  entry11a.o(.ARM.Collect$$$$00000011)
    DisableInterrupts                        0x00000285   Thumb Code     0  int.o(.text)
    EnableInterrupts                         0x00000289   Thumb Code     0  int.o(.text)
    StartCritical                            0x0000028d   Thumb Code     0  int.o(.text)
    EndCritical                              0x00000295   Thumb Code     0  int.o(.text)
    WaitForInterrupt                         0x0000029b   Thumb Code     0  int.o(.text)
    Reset_Handler                            0x000002a1   Thumb Code     8  startup_tm4c123.o(.text)
    NMI_Handler                              0x000002a9   Thumb Code     2  startup_tm4c123.o(.text)
    HardFault_Handler                        0x000002ab   Thumb Code     2  startup_tm4c123.o(.text)
    MemManage_Handler                        0x000002ad   Thumb Code     2  startup_tm4c123.o(.text)
    BusFault_Handler                         0x000002af   Thumb Code     2  startup_tm4c123.o(.text)
    UsageFault_Handler                       0x000002b1   Thumb Code     2  startup_tm4c123.o(.text)
    SVC_Handler                              0x000002b3   Thumb Code     2  startup_tm4c123.o(.text)
    DebugMon_Handler                         0x000002b5   Thumb Code     2  startup_tm4c123.o(.text)
    PendSV_Handler                           0x000002b7   Thumb Code     2  startup_tm4c123.o(.text)
    GPIOA_Handler                            0x000002bb   Thumb Code     2  startup_tm4c123.o(.text)
    GPIOB_Handler                            0x000002bd   Thumb Code     2  startup_tm4c123.o(.text)
    GPIOC_Handler                            0x000002bf   Thumb Code     2  startup_tm4c123.o(.text)
    GPIOD_Handler                            0x000002c1   Thumb Code     2  startup_tm4c123.o(.text)
    GPIOE_Handler                            0x000002c3   Thumb Code     2  startup_tm4c123.o(.text)
    UART0_Handler                            0x000002c5   Thumb Code     2  startup_tm4c123.o(.text)
    UART1_Handler                            0x000002c7   Thumb Code     2  startup_tm4c123.o(.text)
    SSI0_Handler                             0x000002c9   Thumb Code     2  startup_tm4c123.o(.text)
    I2C0_Handler                             0x000002cb   Thumb Code     2  startup_tm4c123.o(.text)
    PMW0_FAULT_Handler                       0x000002cd   Thumb Code     2  startup_tm4c123.o(.text)
    PWM0_0_Handler                           0x000002cf   Thumb Code     2  startup_tm4c123.o(.text)
    PWM0_1_Handler                           0x000002d1   Thumb Code     2  startup_tm4c123.o(.text)
    PWM0_2_Handler                           0x000002d3   Thumb Code     2  startup_tm4c123.o(.text)
    QEI0_Handler                             0x000002d5   Thumb Code     2  startup_tm4c123.o(.text)
    ADC0SS0_Handler                          0x000002d7   Thumb Code     2  startup_tm4c123.o(.text)
    ADC0SS1_Handler                          0x000002d9   Thumb Code     2  startup_tm4c123.o(.text)
    ADC0SS2_Handler                          0x000002db   Thumb Code     2  startup_tm4c123.o(.text)
    ADC0SS3_Handler                          0x000002dd   Thumb Code     2  startup_tm4c123.o(.text)
    WDT0_Handler                             0x000002df   Thumb Code     2  startup_tm4c123.o(.text)
    TIMER0A_Handler                          0x000002e1   Thumb Code     2  startup_tm4c123.o(.text)
    TIMER0B_Handler                          0x000002e3   Thumb Code     2  startup_tm4c123.o(.text)
    TIMER1A_Handler                          0x000002e5   Thumb Code     2  startup_tm4c123.o(.text)
    TIMER1B_Handler                          0x000002e7   Thumb Code     2  startup_tm4c123.o(.text)
    TIMER2A_Handler                          0x000002e9   Thumb Code     2  startup_tm4c123.o(.text)
    TIMER2B_Handler                          0x000002eb   Thumb Code     2  startup_tm4c123.o(.text)
    COMP0_Handler                            0x000002ed   Thumb Code     2  startup_tm4c123.o(.text)
    COMP1_Handler                            0x000002ef   Thumb Code     2  startup_tm4c123.o(.text)
    COMP2_Handler                            0x000002f1   Thumb Code     2  startup_tm4c123.o(.text)
    SYSCTL_Handler                           0x000002f3   Thumb Code     2  startup_tm4c123.o(.text)
    FLASH_Handler                            0x000002f5   Thumb Code     2  startup_tm4c123.o(.text)
    GPIOF_Handler                            0x000002f7   Thumb Code     2  startup_tm4c123.o(.text)
    GPIOG_Handler                            0x000002f9   Thumb Code     2  startup_tm4c123.o(.text)
    GPIOH_Handler                            0x000002fb   Thumb Code     2  startup_tm4c123.o(.text)
    UART2_Handler                            0x000002fd   Thumb Code     2  startup_tm4c123.o(.text)
    SSI1_Handler                             0x000002ff   Thumb Code     2  startup_tm4c123.o(.text)
    TIMER3A_Handler                          0x00000301   Thumb Code     2  startup_tm4c123.o(.text)
    TIMER3B_Handler                          0x00000303   Thumb Code     2  startup_tm4c123.o(.text)
    I2C1_Handler                             0x00000305   Thumb Code     2  startup_tm4c123.o(.text)
    QEI1_Handler                             0x00000307   Thumb Code     2  startup_tm4c123.o(.text)
    CAN0_Handler                             0x00000309   Thumb Code     2  startup_tm4c123.o(.text)
    CAN1_Handler                             0x0000030b   Thumb Code     2  startup_tm4c123.o(.text)
    CAN2_Handler                             0x0000030d   Thumb Code     2  startup_tm4c123.o(.text)
    HIB_Handler                              0x0000030f   Thumb Code     2  startup_tm4c123.o(.text)
    USB0_Handler                             0x00000311   Thumb Code     2  startup_tm4c123.o(.text)
    PWM0_3_Handler                           0x00000313   Thumb Code     2  startup_tm4c123.o(.text)
    UDMA_Handler                             0x00000315   Thumb Code     2  startup_tm4c123.o(.text)
    UDMAERR_Handler                          0x00000317   Thumb Code     2  startup_tm4c123.o(.text)
    ADC1SS0_Handler                          0x00000319   Thumb Code     2  startup_tm4c123.o(.text)
    ADC1SS1_Handler                          0x0000031b   Thumb Code     2  startup_tm4c123.o(.text)
    ADC1SS2_Handler                          0x0000031d   Thumb Code     2  startup_tm4c123.o(.text)
    ADC1SS3_Handler                          0x0000031f   Thumb Code     2  startup_tm4c123.o(.text)
    GPIOJ_Handler                            0x00000321   Thumb Code     2  startup_tm4c123.o(.text)
    GPIOK_Handler                            0x00000323   Thumb Code     2  startup_tm4c123.o(.text)
    GPIOL_Handler                            0x00000325   Thumb Code     2  startup_tm4c123.o(.text)
    SSI2_Handler                             0x00000327   Thumb Code     2  startup_tm4c123.o(.text)
    SSI3_Handler                             0x00000329   Thumb Code     2  startup_tm4c123.o(.text)
    UART3_Handler                            0x0000032b   Thumb Code     2  startup_tm4c123.o(.text)
    UART4_Handler                            0x0000032d   Thumb Code     2  startup_tm4c123.o(.text)
    UART5_Handler                            0x0000032f   Thumb Code     2  startup_tm4c123.o(.text)
    UART6_Handler                            0x00000331   Thumb Code     2  startup_tm4c123.o(.text)
    UART7_Handler                            0x00000333   Thumb Code     2  startup_tm4c123.o(.text)
    I2C2_Handler                             0x00000335   Thumb Code     2  startup_tm4c123.o(.text)
    I2C3_Handler                             0x00000337   Thumb Code     2  startup_tm4c123.o(.text)
    TIMER4A_Handler                          0x00000339   Thumb Code     2  startup_tm4c123.o(.text)
    TIMER4B_Handler                          0x0000033b   Thumb Code     2  startup_tm4c123.o(.text)
    TIMER5A_Handler                          0x0000033d   Thumb Code     2  startup_tm4c123.o(.text)
    TIMER5B_Handler                          0x0000033f   Thumb Code     2  startup_tm4c123.o(.text)
    WTIMER0A_Handler                         0x00000341   Thumb Code     2  startup_tm4c123.o(.text)
    WTIMER0B_Handler                         0x00000343   Thumb Code     2  startup_tm4c123.o(.text)
    WTIMER1A_Handler                         0x00000345   Thumb Code     2  startup_tm4c123.o(.text)
    WTIMER1B_Handler                         0x00000347   Thumb Code     2  startup_tm4c123.o(.text)
    WTIMER2A_Handler                         0x00000349   Thumb Code     2  startup_tm4c123.o(.text)
    WTIMER2B_Handler                         0x0000034b   Thumb Code     2  startup_tm4c123.o(.text)
    WTIMER3A_Handler                         0x0000034d   Thumb Code     2  startup_tm4c123.o(.text)
    WTIMER3B_Handler                         0x0000034f   Thumb Code     2  startup_tm4c123.o(.text)
    WTIMER4A_Handler                         0x00000351   Thumb Code     2  startup_tm4c123.o(.text)
    WTIMER4B_Handler                         0x00000353   Thumb Code     2  startup_tm4c123.o(.text)
    WTIMER5A_Handler                         0x00000355   Thumb Code     2  startup_tm4c123.o(.text)
    WTIMER5B_Handler                         0x00000357   Thumb Code     2  startup_tm4c123.o(.text)
    FPU_Handler                              0x00000359   Thumb Code     2  startup_tm4c123.o(.text)
    I2C4_Handler                             0x0000035b   Thumb Code     2  startup_tm4c123.o(.text)
    I2C5_Handler                             0x0000035d   Thumb Code     2  startup_tm4c123.o(.text)
    GPIOM_Handler                            0x0000035f   Thumb Code     2  startup_tm4c123.o(.text)
    GPION_Handler                            0x00000361   Thumb Code     2  startup_tm4c123.o(.text)
    QEI2_Handler                             0x00000363   Thumb Code     2  startup_tm4c123.o(.text)
    GPIOP0_Handler                           0x00000365   Thumb Code     2  startup_tm4c123.o(.text)
    GPIOP1_Handler                           0x00000367   Thumb Code     2  startup_tm4c123.o(.text)
    GPIOP2_Handler                           0x00000369   Thumb Code     2  startup_tm4c123.o(.text)
    GPIOP3_Handler                           0x0000036b   Thumb Code     2  startup_tm4c123.o(.text)
    GPIOP4_Handler                           0x0000036d   Thumb Code     2  startup_tm4c123.o(.text)
    GPIOP5_Handler                           0x0000036f   Thumb Code     2  startup_tm4c123.o(.text)
    GPIOP6_Handler                           0x00000371   Thumb Code     2  startup_tm4c123.o(.text)
    GPIOP7_Handler                           0x00000373   Thumb Code     2  startup_tm4c123.o(.text)
    GPIOQ0_Handler                           0x00000375   Thumb Code     2  startup_tm4c123.o(.text)
    GPIOQ1_Handler                           0x00000377   Thumb Code     2  startup_tm4c123.o(.text)
    GPIOQ2_Handler                           0x00000379   Thumb Code     2  startup_tm4c123.o(.text)
    GPIOQ3_Handler                           0x0000037b   Thumb Code     2  startup_tm4c123.o(.text)
    GPIOQ4_Handler                           0x0000037d   Thumb Code     2  startup_tm4c123.o(.text)
    GPIOQ5_Handler                           0x0000037f   Thumb Code     2  startup_tm4c123.o(.text)
    GPIOQ6_Handler                           0x00000381   Thumb Code     2  startup_tm4c123.o(.text)
    GPIOQ7_Handler                           0x00000383   Thumb Code     2  startup_tm4c123.o(.text)
    GPIOR_Handler                            0x00000385   Thumb Code     2  startup_tm4c123.o(.text)
    GPIOS_Handler                            0x00000387   Thumb Code     2  startup_tm4c123.o(.text)
    PMW1_0_Handler                           0x00000389   Thumb Code     2  startup_tm4c123.o(.text)
    PWM1_1_Handler                           0x0000038b   Thumb Code     2  startup_tm4c123.o(.text)
    PWM1_2_Handler                           0x0000038d   Thumb Code     2  startup_tm4c123.o(.text)
    PWM1_3_Handler                           0x0000038f   Thumb Code     2  startup_tm4c123.o(.text)
    PWM1_FAULT_Handler                       0x00000391   Thumb Code     2  startup_tm4c123.o(.text)
    strcpy                                   0x0000039d   Thumb Code    18  strcpy.o(.text)
    __scatterload                            0x000003b1   Thumb Code    28  init.o(.text)
    __scatterload_rt2                        0x000003b1   Thumb Code     0  init.o(.text)
    BCD_a_DEC                                0x000003d5   Thumb Code    20  ds3231.o(i.BCD_a_DEC)
    Cadena_Display                           0x000003e9   Thumb Code    30  main.o(i.Cadena_Display)
    Comando_Display                          0x00000407   Thumb Code    30  main.o(i.Comando_Display)
    Dia                                      0x00000425   Thumb Code    22  ds3231.o(i.Dia)
    Escribir_Codigo                          0x0000043d   Thumb Code    44  main.o(i.Escribir_Codigo)
    Escribir_Display                         0x00000471   Thumb Code    52  main.o(i.Escribir_Display)
    Hora                                     0x000004ad   Thumb Code    54  ds3231.o(i.Hora)
    I2C_Recv                                 0x000004e5   Thumb Code    82  i2c.o(i.I2C_Recv)
    I2C_Send1                                0x0000053d   Thumb Code    68  i2c.o(i.I2C_Send1)
    Ini_Display                              0x00000585   Thumb Code   116  main.o(i.Ini_Display)
    Min                                      0x0000060d   Thumb Code    30  ds3231.o(i.Min)
    Seg                                      0x0000062b   Thumb Code    30  ds3231.o(i.Seg)
    SysTick_Handler                          0x00000649   Thumb Code  1076  main.o(i.SysTick_Handler)
    SystemInit                               0x00000a85   Thumb Code   112  system_tm4c123.o(i.SystemInit)
    __scatterload_copy                       0x00000b1d   Thumb Code    14  handlers.o(i.__scatterload_copy)
    __scatterload_null                       0x00000b2b   Thumb Code     2  handlers.o(i.__scatterload_null)
    __scatterload_zeroinit                   0x00000b2d   Thumb Code    14  handlers.o(i.__scatterload_zeroinit)
    delay_ms                                 0x00000b3b   Thumb Code    26  main.o(i.delay_ms)
    delay_us                                 0x00000b55   Thumb Code    22  main.o(i.delay_us)
    i2cInit                                  0x00000b6d   Thumb Code   114  i2c.o(i.i2cInit)
    ini_ADC                                  0x00000bf1   Thumb Code   262  main.o(i.ini_ADC)
    ini_LEDS                                 0x00000d15   Thumb Code   122  main.o(i.ini_LEDS)
    ini_teclado                              0x00000da5   Thumb Code   130  main.o(i.ini_teclado)
    inicSysTickNInt                          0x00000e45   Thumb Code    22  systick.o(i.inicSysTickNInt)
    main                                     0x00000e5d   Thumb Code  4758  main.o(i.main)
    r_EEPROM                                 0x0000210d   Thumb Code    60  eeprom.o(i.r_EEPROM)
    read_ADC1                                0x0000214d   Thumb Code    50  main.o(i.read_ADC1)
    read_ADC2                                0x00002185   Thumb Code    52  main.o(i.read_ADC2)
    set_EEPROM                               0x000021bd   Thumb Code   168  eeprom.o(i.set_EEPROM)
    tecla_presionada                         0x00002271   Thumb Code   240  main.o(i.tecla_presionada)
    trans_EEPROM                             0x00002385   Thumb Code  3062  main.o(i.trans_EEPROM)
    w_EEPROM                                 0x00002f91   Thumb Code    72  eeprom.o(i.w_EEPROM)
    Region$$Table$$Base                      0x00002fdc   Number         0  anon$$obj.o(Region$$Table)
    Region$$Table$$Limit                     0x00002ffc   Number         0  anon$$obj.o(Region$$Table)
    teclado                                  0x20000000   Data          16  main.o(.data)
    codigo_pantalla                          0x20000010   Data           4  main.o(.data)
    codigo_dia                               0x20000014   Data           4  main.o(.data)
    i                                        0x20000018   Data           4  main.o(.data)
    j                                        0x2000001c   Data           4  main.o(.data)
    contador_int                             0x20000020   Data           4  main.o(.data)
    k                                        0x20000024   Data           4  main.o(.data)
    sensor1                                  0x20000028   Data           4  main.o(.data)
    sensor2                                  0x2000002c   Data           4  main.o(.data)
    sensor1c                                 0x20000030   Data           3  main.o(.data)
    sensor2c                                 0x20000033   Data           3  main.o(.data)
    time                                     0x20000036   Data           6  main.o(.data)
    tecla                                    0x2000003c   Data           1  main.o(.data)
    puntero_EEPROM                           0x20000040   Data           4  main.o(.data)
    val1                                     0x20000044   Data           4  main.o(.data)
    val2                                     0x20000048   Data           4  main.o(.data)
    val3                                     0x2000004c   Data           4  main.o(.data)
    val4                                     0x20000050   Data           4  main.o(.data)
    val5                                     0x20000054   Data           4  main.o(.data)
    val6                                     0x20000058   Data           4  main.o(.data)
    hora                                     0x2000005c   Data           4  main.o(.data)
    minuto                                   0x20000060   Data           4  main.o(.data)
    segundo                                  0x20000064   Data           4  main.o(.data)
    segundos                                 0x20000068   Data           1  main.o(.data)
    minutos                                  0x20000069   Data           1  main.o(.data)
    horas                                    0x2000006a   Data           1  main.o(.data)
    dias                                     0x2000006b   Data           1  main.o(.data)
    modo                                     0x20000094   Data          56  main.o(.bss)
    semana                                   0x200000cc   Data         168  main.o(.bss)
    set                                      0x20000174   Data          56  main.o(.bss)
    texto                                    0x200001ac   Data          16  main.o(.bss)
    swipe                                    0x200001bc   Data          40  main.o(.bss)
    __initial_sp                             0x200003e8   Data           0  startup_tm4c123.o(STACK)



==============================================================================

Memory Map of the image

  Image Entry point : 0x000002a1

  Load Region LR_1 (Base: 0x00000000, Size: 0x00003090, Max: 0xffffffff, ABSOLUTE)

    Execution Region ER_RO (Exec base: 0x00000000, Load base: 0x00000000, Size: 0x00002ffc, Max: 0xffffffff, ABSOLUTE)

    Exec Addr    Load Addr    Size         Type   Attr      Idx    E Section Name        Object

    0x00000000   0x00000000   0x0000026c   Data   RO          360    RESET               startup_tm4c123.o
    0x0000026c   0x0000026c   0x00000000   Code   RO          409  * .ARM.Collect$$$$00000000  mc_w.l(entry.o)
    0x0000026c   0x0000026c   0x00000004   Code   RO          414    .ARM.Collect$$$$00000001  mc_w.l(entry2.o)
    0x00000270   0x00000270   0x00000004   Code   RO          417    .ARM.Collect$$$$00000004  mc_w.l(entry5.o)
    0x00000274   0x00000274   0x00000000   Code   RO          419    .ARM.Collect$$$$00000008  mc_w.l(entry7b.o)
    0x00000274   0x00000274   0x00000000   Code   RO          421    .ARM.Collect$$$$0000000A  mc_w.l(entry8b.o)
    0x00000274   0x00000274   0x00000008   Code   RO          422    .ARM.Collect$$$$0000000B  mc_w.l(entry9a.o)
    0x0000027c   0x0000027c   0x00000004   Code   RO          429    .ARM.Collect$$$$0000000E  mc_w.l(entry12b.o)
    0x00000280   0x00000280   0x00000000   Code   RO          424    .ARM.Collect$$$$0000000F  mc_w.l(entry10a.o)
    0x00000280   0x00000280   0x00000000   Code   RO          426    .ARM.Collect$$$$00000011  mc_w.l(entry11a.o)
    0x00000280   0x00000280   0x00000004   Code   RO          415    .ARM.Collect$$$$00002712  mc_w.l(entry2.o)
    0x00000284   0x00000284   0x0000001c   Code   RO          160    .text               int.o
    0x000002a0   0x000002a0   0x000000fc   Code   RO          361  * .text               startup_tm4c123.o
    0x0000039c   0x0000039c   0x00000012   Code   RO          412    .text               mc_w.l(strcpy.o)
    0x000003ae   0x000003ae   0x00000002   PAD
    0x000003b0   0x000003b0   0x00000024   Code   RO          430    .text               mc_w.l(init.o)
    0x000003d4   0x000003d4   0x00000014   Code   RO          247    i.BCD_a_DEC         ds3231.o
    0x000003e8   0x000003e8   0x0000001e   Code   RO            4    i.Cadena_Display    main.o
    0x00000406   0x00000406   0x0000001e   Code   RO            5    i.Comando_Display   main.o
    0x00000424   0x00000424   0x00000016   Code   RO          249    i.Dia               ds3231.o
    0x0000043a   0x0000043a   0x00000002   PAD
    0x0000043c   0x0000043c   0x00000034   Code   RO            6    i.Escribir_Codigo   main.o
    0x00000470   0x00000470   0x0000003c   Code   RO            7    i.Escribir_Display  main.o
    0x000004ac   0x000004ac   0x00000036   Code   RO          251    i.Hora              ds3231.o
    0x000004e2   0x000004e2   0x00000002   PAD
    0x000004e4   0x000004e4   0x00000058   Code   RO          208    i.I2C_Recv          i2c.o
    0x0000053c   0x0000053c   0x00000048   Code   RO          209    i.I2C_Send1         i2c.o
    0x00000584   0x00000584   0x00000088   Code   RO            8    i.Ini_Display       main.o
    0x0000060c   0x0000060c   0x0000001e   Code   RO          253    i.Min               ds3231.o
    0x0000062a   0x0000062a   0x0000001e   Code   RO          256    i.Seg               ds3231.o
    0x00000648   0x00000648   0x0000043c   Code   RO            9    i.SysTick_Handler   main.o
    0x00000a84   0x00000a84   0x00000098   Code   RO          369    i.SystemInit        system_tm4c123.o
    0x00000b1c   0x00000b1c   0x0000000e   Code   RO          434    i.__scatterload_copy  mc_w.l(handlers.o)
    0x00000b2a   0x00000b2a   0x00000002   Code   RO          435    i.__scatterload_null  mc_w.l(handlers.o)
    0x00000b2c   0x00000b2c   0x0000000e   Code   RO          436    i.__scatterload_zeroinit  mc_w.l(handlers.o)
    0x00000b3a   0x00000b3a   0x0000001a   Code   RO           10    i.delay_ms          main.o
    0x00000b54   0x00000b54   0x00000016   Code   RO           11    i.delay_us          main.o
    0x00000b6a   0x00000b6a   0x00000002   PAD
    0x00000b6c   0x00000b6c   0x00000084   Code   RO          211    i.i2cInit           i2c.o
    0x00000bf0   0x00000bf0   0x00000124   Code   RO           12    i.ini_ADC           main.o
    0x00000d14   0x00000d14   0x00000090   Code   RO           13    i.ini_LEDS          main.o
    0x00000da4   0x00000da4   0x000000a0   Code   RO           14    i.ini_teclado       main.o
    0x00000e44   0x00000e44   0x00000016   Code   RO          169    i.inicSysTickNInt   systick.o
    0x00000e5a   0x00000e5a   0x00000002   PAD
    0x00000e5c   0x00000e5c   0x000012b0   Code   RO           15    i.main              main.o
    0x0000210c   0x0000210c   0x00000040   Code   RO          325    i.r_EEPROM          eeprom.o
    0x0000214c   0x0000214c   0x00000038   Code   RO           16    i.read_ADC1         main.o
    0x00002184   0x00002184   0x00000038   Code   RO           17    i.read_ADC2         main.o
    0x000021bc   0x000021bc   0x000000b4   Code   RO          326    i.set_EEPROM        eeprom.o
    0x00002270   0x00002270   0x00000114   Code   RO           18    i.tecla_presionada  main.o
    0x00002384   0x00002384   0x00000c0c   Code   RO           19    i.trans_EEPROM      main.o
    0x00002f90   0x00002f90   0x0000004c   Code   RO          327    i.w_EEPROM          eeprom.o
    0x00002fdc   0x00002fdc   0x00000020   Data   RO          432    Region$$Table       anon$$obj.o


    Execution Region ER_RW (Exec base: 0x20000000, Load base: 0x00002ffc, Size: 0x00000094, Max: 0xffffffff, ABSOLUTE)

    Exec Addr    Load Addr    Size         Type   Attr      Idx    E Section Name        Object

    0x20000000   0x00002ffc   0x00000094   Data   RW           21    .data               main.o


    Execution Region ER_ZI (Exec base: 0x20000094, Load base: 0x00003090, Size: 0x00000354, Max: 0xffffffff, ABSOLUTE)

    Exec Addr    Load Addr    Size         Type   Attr      Idx    E Section Name        Object

    0x20000094        -       0x00000150   Zero   RW           20    .bss                main.o
    0x200001e4   0x00003090   0x00000004   PAD
    0x200001e8        -       0x00000200   Zero   RW          358    STACK               startup_tm4c123.o


==============================================================================

Image component sizes


      Code (inc. data)   RO Data    RW Data    ZI Data      Debug   Object Name

       156          0          0          0          0       2461   ds3231.o
       320         20          0          0          0       2295   eeprom.o
       292         28          0          0          0       1641   i2c.o
        28          2          0          0          0        224   int.o
     10292        868          0        148        336      19616   main.o
       252         10        620          0        512       5432   startup_tm4c123.o
       152         40          0          0          0        597   system_tm4c123.o
        22          0          0          0          0        494   systick.o

    ----------------------------------------------------------------------
     11522        968        652        148        852      32760   Object Totals
         0          0         32          0          0          0   (incl. Generated)
         8          0          0          0          4          0   (incl. Padding)

    ----------------------------------------------------------------------

      Code (inc. data)   RO Data    RW Data    ZI Data      Debug   Library Member Name

         0          0          0          0          0          0   entry.o
         0          0          0          0          0          0   entry10a.o
         0          0          0          0          0          0   entry11a.o
         4          0          0          0          0          0   entry12b.o
         8          4          0          0          0          0   entry2.o
         4          0          0          0          0          0   entry5.o
         0          0          0          0          0          0   entry7b.o
         0          0          0          0          0          0   entry8b.o
         8          4          0          0          0          0   entry9a.o
        30          0          0          0          0          0   handlers.o
        36          8          0          0          0         68   init.o
        18          0          0          0          0         68   strcpy.o

    ----------------------------------------------------------------------
       110         16          0          0          0        136   Library Totals
         2          0          0          0          0          0   (incl. Padding)

    ----------------------------------------------------------------------

      Code (inc. data)   RO Data    RW Data    ZI Data      Debug   Library Name

       108         16          0          0          0        136   mc_w.l

    ----------------------------------------------------------------------
       110         16          0          0          0        136   Library Totals

    ----------------------------------------------------------------------

==============================================================================


      Code (inc. data)   RO Data    RW Data    ZI Data      Debug   

     11632        984        652        148        852      30600   Grand Totals
     11632        984        652        148        852      30600   ELF Image Totals
     11632        984        652        148          0          0   ROM Totals

==============================================================================

    Total RO  Size (Code + RO Data)                12284 (  12.00kB)
    Total RW  Size (RW Data + ZI Data)              1000 (   0.98kB)
    Total ROM Size (Code + RO Data + RW Data)      12432 (  12.14kB)

==============================================================================

